Archive member included because of file (symbol)

../pro12_buttons_control_leds_bsp/\libhal_bsp.a(alt_load.o)
                              ../pro12_buttons_control_leds_bsp//obj/HAL/src/crt0.o (alt_load)
../pro12_buttons_control_leds_bsp/\libhal_bsp.a(alt_main.o)
                              ../pro12_buttons_control_leds_bsp//obj/HAL/src/crt0.o (alt_main)
../pro12_buttons_control_leds_bsp/\libhal_bsp.a(alt_printf.o)
                              obj/default/hello_world_small.o (alt_printf)
../pro12_buttons_control_leds_bsp/\libhal_bsp.a(alt_putchar.o)
                              ../pro12_buttons_control_leds_bsp/\libhal_bsp.a(alt_printf.o) (alt_putchar)
../pro12_buttons_control_leds_bsp/\libhal_bsp.a(alt_sys_init.o)
                              ../pro12_buttons_control_leds_bsp/\libhal_bsp.a(alt_main.o) (alt_sys_init)
../pro12_buttons_control_leds_bsp/\libhal_bsp.a(altera_avalon_jtag_uart_write.o)
                              ../pro12_buttons_control_leds_bsp/\libhal_bsp.a(alt_putchar.o) (altera_avalon_jtag_uart_write)
../pro12_buttons_control_leds_bsp/\libhal_bsp.a(alt_dcache_flush_all.o)
                              ../pro12_buttons_control_leds_bsp/\libhal_bsp.a(alt_load.o) (alt_dcache_flush_all)
../pro12_buttons_control_leds_bsp/\libhal_bsp.a(alt_icache_flush_all.o)
                              ../pro12_buttons_control_leds_bsp/\libhal_bsp.a(alt_load.o) (alt_icache_flush_all)
../pro12_buttons_control_leds_bsp/\libhal_bsp.a(altera_nios2_qsys_irq.o)
                              ../pro12_buttons_control_leds_bsp/\libhal_bsp.a(alt_sys_init.o) (altera_nios2_qsys_irq_init)
../pro12_buttons_control_leds_bsp/\libhal_bsp.a(alt_icache_flush.o)
                              ../pro12_buttons_control_leds_bsp/\libhal_bsp.a(alt_icache_flush_all.o) (alt_icache_flush)

Memory Configuration

Name             Origin             Length             Attributes
reset            0x00001000         0x00000020
onchip_memory2_0 0x00001020         0x00000fe0
*default*        0x00000000         0xffffffff

Linker script and memory map

LOAD ../pro12_buttons_control_leds_bsp//obj/HAL/src/crt0.o
                0x0000101c                exit = _exit
LOAD obj/default/hello_world_small.o
LOAD c:/altera/13.0sp1/nios2eds/bin/gnu/h-i686-mingw32/bin/../lib/gcc/nios2-elf/4.1.2/../../../../nios2-elf/lib\libstdc++.a
LOAD c:/altera/13.0sp1/nios2eds/bin/gnu/h-i686-mingw32/bin/../lib/gcc/nios2-elf/4.1.2/../../../../nios2-elf/lib\libm.a
LOAD c:/altera/13.0sp1/nios2eds/bin/gnu/h-i686-mingw32/bin/../lib/gcc/nios2-elf/4.1.2\libgcc.a
START GROUP
LOAD c:/altera/13.0sp1/nios2eds/bin/gnu/h-i686-mingw32/bin/../lib/gcc/nios2-elf/4.1.2/../../../../nios2-elf/lib\libsmallc.a
LOAD c:/altera/13.0sp1/nios2eds/bin/gnu/h-i686-mingw32/bin/../lib/gcc/nios2-elf/4.1.2\libgcc.a
LOAD ../pro12_buttons_control_leds_bsp/\libhal_bsp.a
END GROUP
LOAD c:/altera/13.0sp1/nios2eds/bin/gnu/h-i686-mingw32/bin/../lib/gcc/nios2-elf/4.1.2\libgcc.a
                0x00001000                __alt_mem_onchip_memory2_0 = 0x1000

.entry          0x00001000       0x20
 *(.entry)
 .entry         0x00001000       0x20 ../pro12_buttons_control_leds_bsp//obj/HAL/src/crt0.o
                0x00001000                __reset
                0x0000101c                _exit

.exceptions     0x00001020        0x0
                0x00001020                PROVIDE (__ram_exceptions_start, ABSOLUTE (.))
                0x00001020                . = ALIGN (0x20)
 *(.irq)
 *(.exceptions.entry.label)
 *(.exceptions.entry.user)
 *(.exceptions.entry)
 *(.exceptions.irqtest.user)
 *(.exceptions.irqtest)
 *(.exceptions.irqhandler.user)
 *(.exceptions.irqhandler)
 *(.exceptions.irqreturn.user)
 *(.exceptions.irqreturn)
 *(.exceptions.notirq.label)
 *(.exceptions.notirq.user)
 *(.exceptions.notirq)
 *(.exceptions.soft.user)
 *(.exceptions.soft)
 *(.exceptions.unknown.user)
 *(.exceptions.unknown)
 *(.exceptions.exit.label)
 *(.exceptions.exit.user)
 *(.exceptions.exit)
 *(.exceptions)
                0x00001020                PROVIDE (__ram_exceptions_end, ABSOLUTE (.))
                0x00001020                PROVIDE (__flash_exceptions_start, LOADADDR (.exceptions))

.text           0x00001020      0x3d8
                0x00001020                PROVIDE (stext, ABSOLUTE (.))
 *(.interp)
 *(.hash)
 *(.dynsym)
 *(.dynstr)
 *(.gnu.version)
 *(.gnu.version_d)
 *(.gnu.version_r)
 *(.rel.init)
 *(.rela.init)
 *(.rel.text .rel.text.* .rel.gnu.linkonce.t.*)
 *(.rela.text .rela.text.* .rela.gnu.linkonce.t.*)
 *(.rel.fini)
 *(.rela.fini)
 *(.rel.rodata .rel.rodata.* .rel.gnu.linkonce.r.*)
 *(.rela.rodata .rela.rodata.* .rela.gnu.linkonce.r.*)
 *(.rel.data .rel.data.* .rel.gnu.linkonce.d.*)
 *(.rela.data .rela.data.* .rela.gnu.linkonce.d.*)
 *(.rel.tdata .rel.tdata.* .rel.gnu.linkonce.td.*)
 *(.rela.tdata .rela.tdata.* .rela.gnu.linkonce.td.*)
 *(.rel.tbss .rel.tbss.* .rel.gnu.linkonce.tb.*)
 *(.rela.tbss .rela.tbss.* .rela.gnu.linkonce.tb.*)
 *(.rel.ctors)
 *(.rela.ctors)
 *(.rel.dtors)
 *(.rela.dtors)
 *(.rel.got)
 *(.rela.got)
 *(.rel.sdata .rel.sdata.* .rel.gnu.linkonce.s.*)
 *(.rela.sdata .rela.sdata.* .rela.gnu.linkonce.s.*)
 *(.rel.sbss .rel.sbss.* .rel.gnu.linkonce.sb.*)
 *(.rela.sbss .rela.sbss.* .rela.gnu.linkonce.sb.*)
 *(.rel.sdata2 .rel.sdata2.* .rel.gnu.linkonce.s2.*)
 *(.rela.sdata2 .rela.sdata2.* .rela.gnu.linkonce.s2.*)
 *(.rel.sbss2 .rel.sbss2.* .rel.gnu.linkonce.sb2.*)
 *(.rela.sbss2 .rela.sbss2.* .rela.gnu.linkonce.sb2.*)
 *(.rel.bss .rel.bss.* .rel.gnu.linkonce.b.*)
 *(.rela.bss .rela.bss.* .rela.gnu.linkonce.b.*)
 *(.rel.plt)
 *(.rela.plt)
 *(.rel.dyn)
 *(.init)
 *(.plt)
 *(.text .stub .text.* .gnu.linkonce.t.*)
 .text          0x00001020       0x4c ../pro12_buttons_control_leds_bsp//obj/HAL/src/crt0.o
                0x00001020                _start
 .text          0x0000106c       0x84 obj/default/hello_world_small.o
                0x0000106c                delay
                0x00001098                main
 .text          0x000010f0       0x8c ../pro12_buttons_control_leds_bsp/\libhal_bsp.a(alt_load.o)
                0x00001110                alt_load
 .text          0x0000117c       0x2c ../pro12_buttons_control_leds_bsp/\libhal_bsp.a(alt_main.o)
                0x0000117c                alt_main
 .text          0x000011a8      0x144 ../pro12_buttons_control_leds_bsp/\libhal_bsp.a(alt_printf.o)
                0x000011a8                alt_printf
 .text          0x000012ec       0x50 ../pro12_buttons_control_leds_bsp/\libhal_bsp.a(alt_putchar.o)
                0x000012ec                alt_putchar
 .text          0x0000133c       0x24 ../pro12_buttons_control_leds_bsp/\libhal_bsp.a(alt_sys_init.o)
                0x0000133c                alt_sys_init
                0x00001340                alt_irq_init
 .text          0x00001360       0x34 ../pro12_buttons_control_leds_bsp/\libhal_bsp.a(altera_avalon_jtag_uart_write.o)
                0x00001360                altera_avalon_jtag_uart_write
 .text          0x00001394       0x18 ../pro12_buttons_control_leds_bsp/\libhal_bsp.a(alt_dcache_flush_all.o)
                0x00001394                alt_dcache_flush_all
 .text          0x000013ac        0xc ../pro12_buttons_control_leds_bsp/\libhal_bsp.a(alt_icache_flush_all.o)
                0x000013ac                alt_icache_flush_all
 .text          0x000013b8        0x8 ../pro12_buttons_control_leds_bsp/\libhal_bsp.a(altera_nios2_qsys_irq.o)
                0x000013b8                altera_nios2_qsys_irq_init
 .text          0x000013c0       0x38 ../pro12_buttons_control_leds_bsp/\libhal_bsp.a(alt_icache_flush.o)
                0x000013c0                alt_icache_flush
 *(.gnu.warning.*)
 *(.fini)
                0x000013f8                PROVIDE (__etext, ABSOLUTE (.))
                0x000013f8                PROVIDE (_etext, ABSOLUTE (.))
                0x000013f8                PROVIDE (etext, ABSOLUTE (.))
 *(.eh_frame_hdr)
                0x000013f8                . = ALIGN (0x4)
                0x000013f8                PROVIDE (__preinit_array_start, ABSOLUTE (.))
 *(.preinit_array)
                0x000013f8                PROVIDE (__preinit_array_end, ABSOLUTE (.))
                0x000013f8                PROVIDE (__init_array_start, ABSOLUTE (.))
 *(.init_array)
                0x000013f8                PROVIDE (__init_array_end, ABSOLUTE (.))
                0x000013f8                PROVIDE (__fini_array_start, ABSOLUTE (.))
 *(.fini_array)
                0x000013f8                PROVIDE (__fini_array_end, ABSOLUTE (.))
 *(.eh_frame)
 *(.gcc_except_table)
 *(.dynamic)
                0x000013f8                PROVIDE (__CTOR_LIST__, ABSOLUTE (.))
 *(.ctors)
 *(SORT(.ctors.*))
                0x000013f8                PROVIDE (__CTOR_END__, ABSOLUTE (.))
                0x000013f8                PROVIDE (__DTOR_LIST__, ABSOLUTE (.))
 *(.dtors)
 *(SORT(.dtors.*))
                0x000013f8                PROVIDE (__DTOR_END__, ABSOLUTE (.))
 *(.jcr)
                0x000013f8                . = ALIGN (0x4)

.rodata         0x000013f8       0x20
                0x000013f8                PROVIDE (__ram_rodata_start, ABSOLUTE (.))
                0x000013f8                . = ALIGN (0x4)
 *(.rodata .rodata.* .gnu.linkonce.r.*)
 .rodata.str1.4
                0x000013f8       0x20 obj/default/hello_world_small.o
 *(.rodata1)
                0x00001418                . = ALIGN (0x4)
                0x00001418                PROVIDE (__ram_rodata_end, ABSOLUTE (.))
                0x000013f8                PROVIDE (__flash_rodata_start, LOADADDR (.rodata))

.rwdata         0x00001418        0x4 load address 0x0000141c
                0x00001418                PROVIDE (__ram_rwdata_start, ABSOLUTE (.))
                0x00001418                . = ALIGN (0x4)
 *(.got.plt)
 *(.got)
 *(.data1)
 *(.data .data.* .gnu.linkonce.d.*)
 .data          0x00001418        0x0 ../pro12_buttons_control_leds_bsp//obj/HAL/src/crt0.o
 .data          0x00001418        0x0 obj/default/hello_world_small.o
 .data          0x00001418        0x0 ../pro12_buttons_control_leds_bsp/\libhal_bsp.a(alt_load.o)
 .data          0x00001418        0x0 ../pro12_buttons_control_leds_bsp/\libhal_bsp.a(alt_main.o)
 .data          0x00001418        0x0 ../pro12_buttons_control_leds_bsp/\libhal_bsp.a(alt_printf.o)
 .data          0x00001418        0x0 ../pro12_buttons_control_leds_bsp/\libhal_bsp.a(alt_putchar.o)
 .data          0x00001418        0x0 ../pro12_buttons_control_leds_bsp/\libhal_bsp.a(alt_sys_init.o)
 .data          0x00001418        0x0 ../pro12_buttons_control_leds_bsp/\libhal_bsp.a(altera_avalon_jtag_uart_write.o)
 .data          0x00001418        0x0 ../pro12_buttons_control_leds_bsp/\libhal_bsp.a(alt_dcache_flush_all.o)
 .data          0x00001418        0x0 ../pro12_buttons_control_leds_bsp/\libhal_bsp.a(alt_icache_flush_all.o)
 .data          0x00001418        0x0 ../pro12_buttons_control_leds_bsp/\libhal_bsp.a(altera_nios2_qsys_irq.o)
 .data          0x00001418        0x0 ../pro12_buttons_control_leds_bsp/\libhal_bsp.a(alt_icache_flush.o)
                0x00009418                _gp = ABSOLUTE ((. + 0x8000))
                0x00009418                PROVIDE (gp, _gp)
 *(.rwdata .rwdata.*)
 *(.sdata .sdata.* .gnu.linkonce.s.*)
 .sdata         0x00001418        0x4 ../pro12_buttons_control_leds_bsp/\libhal_bsp.a(alt_sys_init.o)
                0x00001418                jtag_uart_0
 *(.sdata2 .sdata2.* .gnu.linkonce.s2.*)
                0x0000141c                . = ALIGN (0x4)
                0x0000141c                _edata = ABSOLUTE (.)
                0x0000141c                PROVIDE (edata, ABSOLUTE (.))
                0x0000141c                PROVIDE (__ram_rwdata_end, ABSOLUTE (.))
                0x0000141c                PROVIDE (__flash_rwdata_start, LOADADDR (.rwdata))

.bss            0x00001420        0xc
                0x00001420                __bss_start = ABSOLUTE (.)
                0x00001420                PROVIDE (__sbss_start, ABSOLUTE (.))
                0x00001420                PROVIDE (___sbss_start, ABSOLUTE (.))
 *(.dynsbss)
 *(.sbss .sbss.* .gnu.linkonce.sb.*)
 .sbss          0x00001420        0xc ../pro12_buttons_control_leds_bsp/\libhal_bsp.a(alt_main.o)
                0x00001420                alt_argc
                0x00001424                alt_argv
                0x00001428                alt_envp
 *(.sbss2 .sbss2.* .gnu.linkonce.sb2.*)
 *(.scommon)
                0x0000142c                PROVIDE (__sbss_end, ABSOLUTE (.))
                0x0000142c                PROVIDE (___sbss_end, ABSOLUTE (.))
 *(.dynbss)
 *(.bss .bss.* .gnu.linkonce.b.*)
 .bss           0x0000142c        0x0 ../pro12_buttons_control_leds_bsp//obj/HAL/src/crt0.o
 .bss           0x0000142c        0x0 obj/default/hello_world_small.o
 .bss           0x0000142c        0x0 ../pro12_buttons_control_leds_bsp/\libhal_bsp.a(alt_load.o)
 .bss           0x0000142c        0x0 ../pro12_buttons_control_leds_bsp/\libhal_bsp.a(alt_main.o)
 .bss           0x0000142c        0x0 ../pro12_buttons_control_leds_bsp/\libhal_bsp.a(alt_printf.o)
 .bss           0x0000142c        0x0 ../pro12_buttons_control_leds_bsp/\libhal_bsp.a(alt_putchar.o)
 .bss           0x0000142c        0x0 ../pro12_buttons_control_leds_bsp/\libhal_bsp.a(alt_sys_init.o)
 .bss           0x0000142c        0x0 ../pro12_buttons_control_leds_bsp/\libhal_bsp.a(altera_avalon_jtag_uart_write.o)
 .bss           0x0000142c        0x0 ../pro12_buttons_control_leds_bsp/\libhal_bsp.a(alt_dcache_flush_all.o)
 .bss           0x0000142c        0x0 ../pro12_buttons_control_leds_bsp/\libhal_bsp.a(alt_icache_flush_all.o)
 .bss           0x0000142c        0x0 ../pro12_buttons_control_leds_bsp/\libhal_bsp.a(altera_nios2_qsys_irq.o)
 .bss           0x0000142c        0x0 ../pro12_buttons_control_leds_bsp/\libhal_bsp.a(alt_icache_flush.o)
 *(COMMON)
                0x0000142c                . = ALIGN (0x4)
                0x0000142c                __bss_end = ABSOLUTE (.)

.onchip_memory2_0
                0x0000142c        0x0
                0x0000142c                PROVIDE (_alt_partition_onchip_memory2_0_start, ABSOLUTE (.))
 *(.onchip_memory2_0. onchip_memory2_0.*)
                0x0000142c                . = ALIGN (0x4)
                0x0000142c                PROVIDE (_alt_partition_onchip_memory2_0_end, ABSOLUTE (.))
                0x0000142c                _end = ABSOLUTE (.)
                0x0000142c                end = ABSOLUTE (.)
                0x0000142c                __alt_stack_base = ABSOLUTE (.)
                0x0000142c                PROVIDE (_alt_partition_onchip_memory2_0_load_addr, LOADADDR (.onchip_memory2_0))

.stab
 *(.stab)

.stabstr
 *(.stabstr)

.stab.excl
 *(.stab.excl)

.stab.exclstr
 *(.stab.exclstr)

.stab.index
 *(.stab.index)

.stab.indexstr
 *(.stab.indexstr)

.comment        0x00000000       0x26
 *(.comment)
 .comment       0x00000000       0x26 obj/default/hello_world_small.o
                                 0x27 (size before relaxing)
 .comment       0x00000000       0x27 ../pro12_buttons_control_leds_bsp/\libhal_bsp.a(alt_load.o)
 .comment       0x00000000       0x27 ../pro12_buttons_control_leds_bsp/\libhal_bsp.a(alt_main.o)
 .comment       0x00000000       0x27 ../pro12_buttons_control_leds_bsp/\libhal_bsp.a(alt_printf.o)
 .comment       0x00000000       0x27 ../pro12_buttons_control_leds_bsp/\libhal_bsp.a(alt_putchar.o)
 .comment       0x00000000       0x27 ../pro12_buttons_control_leds_bsp/\libhal_bsp.a(alt_sys_init.o)
 .comment       0x00000000       0x27 ../pro12_buttons_control_leds_bsp/\libhal_bsp.a(altera_avalon_jtag_uart_write.o)
 .comment       0x00000000       0x27 ../pro12_buttons_control_leds_bsp/\libhal_bsp.a(alt_dcache_flush_all.o)
 .comment       0x00000000       0x27 ../pro12_buttons_control_leds_bsp/\libhal_bsp.a(alt_icache_flush_all.o)
 .comment       0x00000000       0x27 ../pro12_buttons_control_leds_bsp/\libhal_bsp.a(altera_nios2_qsys_irq.o)
 .comment       0x00000000       0x27 ../pro12_buttons_control_leds_bsp/\libhal_bsp.a(alt_icache_flush.o)

.debug
 *(.debug)

.line
 *(.line)

.debug_srcinfo
 *(.debug_srcinfo)

.debug_sfnames
 *(.debug_sfnames)

.debug_aranges  0x00000000      0x188
 *(.debug_aranges)
 .debug_aranges
                0x00000000       0x28 ../pro12_buttons_control_leds_bsp//obj/HAL/src/crt0.o
 .debug_aranges
                0x00000028       0x20 obj/default/hello_world_small.o
 .debug_aranges
                0x00000048       0x20 ../pro12_buttons_control_leds_bsp/\libhal_bsp.a(alt_load.o)
 .debug_aranges
                0x00000068       0x20 ../pro12_buttons_control_leds_bsp/\libhal_bsp.a(alt_main.o)
 .debug_aranges
                0x00000088       0x20 ../pro12_buttons_control_leds_bsp/\libhal_bsp.a(alt_printf.o)
 .debug_aranges
                0x000000a8       0x20 ../pro12_buttons_control_leds_bsp/\libhal_bsp.a(alt_putchar.o)
 .debug_aranges
                0x000000c8       0x20 ../pro12_buttons_control_leds_bsp/\libhal_bsp.a(alt_sys_init.o)
 .debug_aranges
                0x000000e8       0x20 ../pro12_buttons_control_leds_bsp/\libhal_bsp.a(altera_avalon_jtag_uart_write.o)
 .debug_aranges
                0x00000108       0x20 ../pro12_buttons_control_leds_bsp/\libhal_bsp.a(alt_dcache_flush_all.o)
 .debug_aranges
                0x00000128       0x20 ../pro12_buttons_control_leds_bsp/\libhal_bsp.a(alt_icache_flush_all.o)
 .debug_aranges
                0x00000148       0x20 ../pro12_buttons_control_leds_bsp/\libhal_bsp.a(altera_nios2_qsys_irq.o)
 .debug_aranges
                0x00000168       0x20 ../pro12_buttons_control_leds_bsp/\libhal_bsp.a(alt_icache_flush.o)

.debug_pubnames
                0x00000000      0x1f3
 *(.debug_pubnames)
 .debug_pubnames
                0x00000000       0x25 obj/default/hello_world_small.o
 .debug_pubnames
                0x00000025       0x1f ../pro12_buttons_control_leds_bsp/\libhal_bsp.a(alt_load.o)
 .debug_pubnames
                0x00000044       0x46 ../pro12_buttons_control_leds_bsp/\libhal_bsp.a(alt_main.o)
 .debug_pubnames
                0x0000008a       0x21 ../pro12_buttons_control_leds_bsp/\libhal_bsp.a(alt_printf.o)
 .debug_pubnames
                0x000000ab       0x22 ../pro12_buttons_control_leds_bsp/\libhal_bsp.a(alt_putchar.o)
 .debug_pubnames
                0x000000cd       0x44 ../pro12_buttons_control_leds_bsp/\libhal_bsp.a(alt_sys_init.o)
 .debug_pubnames
                0x00000111       0x34 ../pro12_buttons_control_leds_bsp/\libhal_bsp.a(altera_avalon_jtag_uart_write.o)
 .debug_pubnames
                0x00000145       0x2b ../pro12_buttons_control_leds_bsp/\libhal_bsp.a(alt_dcache_flush_all.o)
 .debug_pubnames
                0x00000170       0x2b ../pro12_buttons_control_leds_bsp/\libhal_bsp.a(alt_icache_flush_all.o)
 .debug_pubnames
                0x0000019b       0x31 ../pro12_buttons_control_leds_bsp/\libhal_bsp.a(altera_nios2_qsys_irq.o)
 .debug_pubnames
                0x000001cc       0x27 ../pro12_buttons_control_leds_bsp/\libhal_bsp.a(alt_icache_flush.o)

.debug_info     0x00000000      0xb67
 *(.debug_info .gnu.linkonce.wi.*)
 .debug_info    0x00000000       0xaa ../pro12_buttons_control_leds_bsp//obj/HAL/src/crt0.o
 .debug_info    0x000000aa       0xee obj/default/hello_world_small.o
 .debug_info    0x00000198      0x12e ../pro12_buttons_control_leds_bsp/\libhal_bsp.a(alt_load.o)
 .debug_info    0x000002c6      0x125 ../pro12_buttons_control_leds_bsp/\libhal_bsp.a(alt_main.o)
 .debug_info    0x000003eb      0x11d ../pro12_buttons_control_leds_bsp/\libhal_bsp.a(alt_printf.o)
 .debug_info    0x00000508       0xc5 ../pro12_buttons_control_leds_bsp/\libhal_bsp.a(alt_putchar.o)
 .debug_info    0x000005cd      0x17d ../pro12_buttons_control_leds_bsp/\libhal_bsp.a(alt_sys_init.o)
 .debug_info    0x0000074a      0x18f ../pro12_buttons_control_leds_bsp/\libhal_bsp.a(altera_avalon_jtag_uart_write.o)
 .debug_info    0x000008d9       0x9f ../pro12_buttons_control_leds_bsp/\libhal_bsp.a(alt_dcache_flush_all.o)
 .debug_info    0x00000978       0x8d ../pro12_buttons_control_leds_bsp/\libhal_bsp.a(alt_icache_flush_all.o)
 .debug_info    0x00000a05       0x8d ../pro12_buttons_control_leds_bsp/\libhal_bsp.a(altera_nios2_qsys_irq.o)
 .debug_info    0x00000a92       0xd5 ../pro12_buttons_control_leds_bsp/\libhal_bsp.a(alt_icache_flush.o)

.debug_abbrev   0x00000000      0x659
 *(.debug_abbrev)
 .debug_abbrev  0x00000000       0x12 ../pro12_buttons_control_leds_bsp//obj/HAL/src/crt0.o
 .debug_abbrev  0x00000012       0x97 obj/default/hello_world_small.o
 .debug_abbrev  0x000000a9       0x97 ../pro12_buttons_control_leds_bsp/\libhal_bsp.a(alt_load.o)
 .debug_abbrev  0x00000140       0xa6 ../pro12_buttons_control_leds_bsp/\libhal_bsp.a(alt_main.o)
 .debug_abbrev  0x000001e6       0xc7 ../pro12_buttons_control_leds_bsp/\libhal_bsp.a(alt_printf.o)
 .debug_abbrev  0x000002ad       0x7b ../pro12_buttons_control_leds_bsp/\libhal_bsp.a(alt_putchar.o)
 .debug_abbrev  0x00000328       0xe3 ../pro12_buttons_control_leds_bsp/\libhal_bsp.a(alt_sys_init.o)
 .debug_abbrev  0x0000040b       0xf0 ../pro12_buttons_control_leds_bsp/\libhal_bsp.a(altera_avalon_jtag_uart_write.o)
 .debug_abbrev  0x000004fb       0x57 ../pro12_buttons_control_leds_bsp/\libhal_bsp.a(alt_dcache_flush_all.o)
 .debug_abbrev  0x00000552       0x3f ../pro12_buttons_control_leds_bsp/\libhal_bsp.a(alt_icache_flush_all.o)
 .debug_abbrev  0x00000591       0x3f ../pro12_buttons_control_leds_bsp/\libhal_bsp.a(altera_nios2_qsys_irq.o)
 .debug_abbrev  0x000005d0       0x89 ../pro12_buttons_control_leds_bsp/\libhal_bsp.a(alt_icache_flush.o)

.debug_line     0x00000000     0x186c
 *(.debug_line)
 .debug_line    0x00000000       0x72 ../pro12_buttons_control_leds_bsp//obj/HAL/src/crt0.o
 .debug_line    0x00000072      0x282 obj/default/hello_world_small.o
 .debug_line    0x000002f4      0x217 ../pro12_buttons_control_leds_bsp/\libhal_bsp.a(alt_load.o)
 .debug_line    0x0000050b      0x2c2 ../pro12_buttons_control_leds_bsp/\libhal_bsp.a(alt_main.o)
 .debug_line    0x000007cd      0x1f2 ../pro12_buttons_control_leds_bsp/\libhal_bsp.a(alt_printf.o)
 .debug_line    0x000009bf      0x1f2 ../pro12_buttons_control_leds_bsp/\libhal_bsp.a(alt_putchar.o)
 .debug_line    0x00000bb1      0x286 ../pro12_buttons_control_leds_bsp/\libhal_bsp.a(alt_sys_init.o)
 .debug_line    0x00000e37      0x2f4 ../pro12_buttons_control_leds_bsp/\libhal_bsp.a(altera_avalon_jtag_uart_write.o)
 .debug_line    0x0000112b      0x1cd ../pro12_buttons_control_leds_bsp/\libhal_bsp.a(alt_dcache_flush_all.o)
 .debug_line    0x000012f8      0x1c5 ../pro12_buttons_control_leds_bsp/\libhal_bsp.a(alt_icache_flush_all.o)
 .debug_line    0x000014bd      0x1ce ../pro12_buttons_control_leds_bsp/\libhal_bsp.a(altera_nios2_qsys_irq.o)
 .debug_line    0x0000168b      0x1e1 ../pro12_buttons_control_leds_bsp/\libhal_bsp.a(alt_icache_flush.o)

.debug_frame    0x00000000      0x1cc
 *(.debug_frame)
 .debug_frame   0x00000000       0x3c obj/default/hello_world_small.o
 .debug_frame   0x0000003c       0x38 ../pro12_buttons_control_leds_bsp/\libhal_bsp.a(alt_load.o)
 .debug_frame   0x00000074       0x28 ../pro12_buttons_control_leds_bsp/\libhal_bsp.a(alt_main.o)
 .debug_frame   0x0000009c       0x2c ../pro12_buttons_control_leds_bsp/\libhal_bsp.a(alt_printf.o)
 .debug_frame   0x000000c8       0x2c ../pro12_buttons_control_leds_bsp/\libhal_bsp.a(alt_putchar.o)
 .debug_frame   0x000000f4       0x38 ../pro12_buttons_control_leds_bsp/\libhal_bsp.a(alt_sys_init.o)
 .debug_frame   0x0000012c       0x20 ../pro12_buttons_control_leds_bsp/\libhal_bsp.a(altera_avalon_jtag_uart_write.o)
 .debug_frame   0x0000014c       0x20 ../pro12_buttons_control_leds_bsp/\libhal_bsp.a(alt_dcache_flush_all.o)
 .debug_frame   0x0000016c       0x20 ../pro12_buttons_control_leds_bsp/\libhal_bsp.a(alt_icache_flush_all.o)
 .debug_frame   0x0000018c       0x20 ../pro12_buttons_control_leds_bsp/\libhal_bsp.a(altera_nios2_qsys_irq.o)
 .debug_frame   0x000001ac       0x20 ../pro12_buttons_control_leds_bsp/\libhal_bsp.a(alt_icache_flush.o)

.debug_str      0x00000000      0x50f
 *(.debug_str)
 .debug_str     0x00000000       0xf2 obj/default/hello_world_small.o
                                0x130 (size before relaxing)
 .debug_str     0x000000f2      0x16a ../pro12_buttons_control_leds_bsp/\libhal_bsp.a(alt_load.o)
                                0x1ff (size before relaxing)
 .debug_str     0x0000025c       0x75 ../pro12_buttons_control_leds_bsp/\libhal_bsp.a(alt_main.o)
                                0x183 (size before relaxing)
 .debug_str     0x000002d1       0x46 ../pro12_buttons_control_leds_bsp/\libhal_bsp.a(alt_printf.o)
                                 0xea (size before relaxing)
 .debug_str     0x00000317       0x4e ../pro12_buttons_control_leds_bsp/\libhal_bsp.a(alt_putchar.o)
                                0x15c (size before relaxing)
 .debug_str     0x00000365       0x85 ../pro12_buttons_control_leds_bsp/\libhal_bsp.a(alt_sys_init.o)
                                0x1f8 (size before relaxing)
 .debug_str     0x000003ea       0x56 ../pro12_buttons_control_leds_bsp/\libhal_bsp.a(altera_avalon_jtag_uart_write.o)
                                0x1fb (size before relaxing)
 .debug_str     0x00000440       0x34 ../pro12_buttons_control_leds_bsp/\libhal_bsp.a(alt_dcache_flush_all.o)
                                0x142 (size before relaxing)
 .debug_str     0x00000474       0x34 ../pro12_buttons_control_leds_bsp/\libhal_bsp.a(alt_icache_flush_all.o)
                                0x142 (size before relaxing)
 .debug_str     0x000004a8       0x3b ../pro12_buttons_control_leds_bsp/\libhal_bsp.a(altera_nios2_qsys_irq.o)
                                0x149 (size before relaxing)
 .debug_str     0x000004e3       0x2c ../pro12_buttons_control_leds_bsp/\libhal_bsp.a(alt_icache_flush.o)
                                0x148 (size before relaxing)

.debug_loc      0x00000000      0x2ac
 *(.debug_loc)
 .debug_loc     0x00000000       0x51 obj/default/hello_world_small.o
 .debug_loc     0x00000051       0x1f ../pro12_buttons_control_leds_bsp/\libhal_bsp.a(alt_load.o)
 .debug_loc     0x00000070       0x1f ../pro12_buttons_control_leds_bsp/\libhal_bsp.a(alt_main.o)
 .debug_loc     0x0000008f      0x175 ../pro12_buttons_control_leds_bsp/\libhal_bsp.a(alt_printf.o)
 .debug_loc     0x00000204       0x3d ../pro12_buttons_control_leds_bsp/\libhal_bsp.a(alt_putchar.o)
 .debug_loc     0x00000241       0x32 ../pro12_buttons_control_leds_bsp/\libhal_bsp.a(alt_sys_init.o)
 .debug_loc     0x00000273       0x26 ../pro12_buttons_control_leds_bsp/\libhal_bsp.a(altera_avalon_jtag_uart_write.o)
 .debug_loc     0x00000299       0x13 ../pro12_buttons_control_leds_bsp/\libhal_bsp.a(alt_icache_flush.o)

.debug_macinfo
 *(.debug_macinfo)

.debug_weaknames
 *(.debug_weaknames)

.debug_funcnames
 *(.debug_funcnames)

.debug_typenames
 *(.debug_typenames)

.debug_varnames
 *(.debug_varnames)

.debug_alt_sim_info
                0x00000000       0x30
 *(.debug_alt_sim_info)
 .debug_alt_sim_info
                0x00000000       0x30 ../pro12_buttons_control_leds_bsp//obj/HAL/src/crt0.o
                0x00002000                __alt_data_end = 0x2000
                0x00002000                PROVIDE (__alt_stack_pointer, __alt_data_end)
                0x0000142c                PROVIDE (__alt_stack_limit, __alt_stack_base)
                0x0000142c                PROVIDE (__alt_heap_start, end)
                0x00002000                PROVIDE (__alt_heap_limit, 0x2000)
OUTPUT(pro12_buttons_control_leds.elf elf32-littlenios2)

.debug_ranges   0x00000000       0x20
 .debug_ranges  0x00000000       0x20 ../pro12_buttons_control_leds_bsp//obj/HAL/src/crt0.o
